#! /opt/homebrew/Cellar/icarus-verilog/13.0/bin/vvp
:ivl_version "13.0 (stable)" "(v13_0)";
:ivl_delay_selection "TYPICAL";
:vpi_time_precision - 12;
:vpi_module "/opt/homebrew/Cellar/icarus-verilog/13.0/lib/ivl/system.vpi";
:vpi_module "/opt/homebrew/Cellar/icarus-verilog/13.0/lib/ivl/vhdl_sys.vpi";
:vpi_module "/opt/homebrew/Cellar/icarus-verilog/13.0/lib/ivl/vhdl_textio.vpi";
:vpi_module "/opt/homebrew/Cellar/icarus-verilog/13.0/lib/ivl/v2005_math.vpi";
:vpi_module "/opt/homebrew/Cellar/icarus-verilog/13.0/lib/ivl/va_math.vpi";
:vpi_module "/opt/homebrew/Cellar/icarus-verilog/13.0/lib/ivl/v2009.vpi";
S_0x1057897b0 .scope package, "$unit" "$unit" 2 1;
 .timescale 0 0;
S_0x105789930 .scope module, "pc_adder" "pc_adder" 3 25;
 .timescale 0 0;
    .port_info 0 /INPUT 32 "pc_curr";
    .port_info 1 /OUTPUT 32 "pc_next";
o0xa7e844010 .functor BUFZ 32, c4<zzzzzzzzzzzzzzzzzzzzzzzzzzzzzzzz>; HiZ drive
v0xa7f0401e0_0 .net "pc_curr", 31 0, o0xa7e844010;  0 drivers
v0xa7f040280_0 .var "pc_next", 31 0;
E_0xa7ec4d580 .event anyedge, v0xa7f0401e0_0;
S_0x105788d20 .scope module, "tb_riscv_core" "tb_riscv_core" 4 3;
 .timescale -9 -12;
v0xa7f0435c0_0 .var "clk", 0 0;
v0xa7f043660_0 .var "rst_n", 0 0;
S_0x105788ea0 .scope module, "uut" "riscv_core" 4 10, 5 1 0, S_0x105788d20;
 .timescale 0 0;
    .port_info 0 /INPUT 1 "clk";
    .port_info 1 /INPUT 1 "rst_n";
L_0xa7e878010 .functor BUFT 1, C4<00000000000000000000000000000100>, C4<0>, C4<0>, C4<0>;
v0xa7f042800_0 .net/2u *"_ivl_0", 31 0, L_0xa7e878010;  1 drivers
v0xa7f0428a0_0 .net "alu_ctrl", 3 0, v0xa7f040780_0;  1 drivers
v0xa7f042940_0 .net "alu_operand_b", 31 0, L_0xa7f05d360;  1 drivers
v0xa7f0429e0_0 .net "alu_result", 31 0, v0xa7f0405a0_0;  1 drivers
v0xa7f042a80_0 .net "alu_src", 0 0, v0xa7f0408c0_0;  1 drivers
v0xa7f042b20_0 .net "alu_zero", 0 0, L_0xa7f05d180;  1 drivers
v0xa7f042bc0_0 .net "clk", 0 0, v0xa7f0435c0_0;  1 drivers
v0xa7f042c60_0 .net "imm_ext", 31 0, v0xa7f0412c0_0;  1 drivers
v0xa7f042d00_0 .net "inst", 31 0, L_0xa7ec3a3e0;  1 drivers
v0xa7f042da0_0 .net "mem_read_data", 31 0, L_0xa7ec3a450;  1 drivers
v0xa7f042e40_0 .net "mem_write", 0 0, v0xa7f040aa0_0;  1 drivers
v0xa7f042ee0_0 .net "pc_current", 31 0, v0xa7f041860_0;  1 drivers
v0xa7f042f80_0 .var "pc_next", 31 0;
v0xa7f043020_0 .net "pc_plus4", 31 0, L_0x10578e170;  1 drivers
v0xa7f0430c0_0 .net "pc_src", 1 0, v0xa7f040be0_0;  1 drivers
v0xa7f043160_0 .net "pc_target", 31 0, L_0xa7f070000;  1 drivers
v0xa7f043200_0 .net "reg_data1", 31 0, L_0xa7f05cc80;  1 drivers
v0xa7f0432a0_0 .net "reg_data2", 31 0, L_0xa7f05ce60;  1 drivers
v0xa7f043340_0 .net "reg_write", 0 0, v0xa7f040c80_0;  1 drivers
v0xa7f0433e0_0 .var "reg_write_data", 31 0;
v0xa7f043480_0 .net "reg_write_src", 1 0, v0xa7f040d20_0;  1 drivers
v0xa7f043520_0 .net "rst_n", 0 0, v0xa7f043660_0;  1 drivers
E_0xa7ec4d5c0 .event anyedge, v0xa7f040d20_0, v0xa7f0405a0_0, v0xa7f041180_0, v0xa7f043020_0;
E_0xa7ec4d600/0 .event anyedge, v0xa7f040be0_0, v0xa7f043020_0, v0xa7f0406e0_0, v0xa7f043160_0;
E_0xa7ec4d600/1 .event anyedge, v0xa7f0405a0_0;
E_0xa7ec4d600 .event/or E_0xa7ec4d600/0, E_0xa7ec4d600/1;
L_0x10578e170 .arith/sum 32, v0xa7f041860_0, L_0xa7e878010;
L_0xa7f05c960 .part L_0xa7ec3a3e0, 0, 7;
L_0xa7f05ca00 .part L_0xa7ec3a3e0, 12, 3;
L_0xa7f05caa0 .part L_0xa7ec3a3e0, 30, 1;
L_0xa7f05cf00 .part L_0xa7ec3a3e0, 15, 5;
L_0xa7f05cfa0 .part L_0xa7ec3a3e0, 20, 5;
L_0xa7f05d040 .part L_0xa7ec3a3e0, 7, 5;
L_0xa7f070000 .arith/sum 32, v0xa7f041860_0, v0xa7f0412c0_0;
L_0xa7f05d360 .functor MUXZ 32, L_0xa7f05ce60, v0xa7f0412c0_0, v0xa7f0408c0_0, C4<>;
S_0x105788390 .scope module, "u_alu" "alu" 5 104, 6 1 0, S_0x105788ea0;
 .timescale 0 0;
    .port_info 0 /INPUT 32 "a";
    .port_info 1 /INPUT 32 "b";
    .port_info 2 /INPUT 4 "alu_ctrl";
    .port_info 3 /OUTPUT 32 "result";
    .port_info 4 /OUTPUT 1 "zero";
L_0xa7e878208 .functor BUFT 1, C4<00000000000000000000000000000000>, C4<0>, C4<0>, C4<0>;
v0xa7f040320_0 .net/2u *"_ivl_2", 31 0, L_0xa7e878208;  1 drivers
v0xa7f0403c0_0 .net "a", 31 0, L_0xa7f05cc80;  alias, 1 drivers
v0xa7f040460_0 .net "alu_ctrl", 3 0, v0xa7f040780_0;  alias, 1 drivers
v0xa7f040500_0 .net "b", 31 0, L_0xa7f05d360;  alias, 1 drivers
v0xa7f0405a0_0 .var "result", 31 0;
v0xa7f040640_0 .net "shift_amt", 4 0, L_0xa7f05d0e0;  1 drivers
v0xa7f0406e0_0 .net "zero", 0 0, L_0xa7f05d180;  alias, 1 drivers
E_0xa7ec4d640 .event anyedge, v0xa7f040460_0, v0xa7f0403c0_0, v0xa7f040500_0, v0xa7f040640_0;
L_0xa7f05d0e0 .part L_0xa7f05d360, 0, 5;
L_0xa7f05d180 .cmp/eq 32, v0xa7f0405a0_0, L_0xa7e878208;
S_0x105788510 .scope module, "u_control_unit" "control_unit" 5 68, 7 1 0, S_0x105788ea0;
 .timescale 0 0;
    .port_info 0 /INPUT 7 "opcode";
    .port_info 1 /INPUT 3 "funct3";
    .port_info 2 /INPUT 1 "funct7_b5";
    .port_info 3 /OUTPUT 1 "reg_write";
    .port_info 4 /OUTPUT 1 "alu_src";
    .port_info 5 /OUTPUT 1 "mem_write";
    .port_info 6 /OUTPUT 2 "reg_write_src";
    .port_info 7 /OUTPUT 2 "pc_src";
    .port_info 8 /OUTPUT 4 "alu_ctrl";
v0xa7f040780_0 .var "alu_ctrl", 3 0;
v0xa7f040820_0 .var "alu_op", 1 0;
v0xa7f0408c0_0 .var "alu_src", 0 0;
v0xa7f040960_0 .net "funct3", 2 0, L_0xa7f05ca00;  1 drivers
v0xa7f040a00_0 .net "funct7_b5", 0 0, L_0xa7f05caa0;  1 drivers
v0xa7f040aa0_0 .var "mem_write", 0 0;
v0xa7f040b40_0 .net "opcode", 6 0, L_0xa7f05c960;  1 drivers
v0xa7f040be0_0 .var "pc_src", 1 0;
v0xa7f040c80_0 .var "reg_write", 0 0;
v0xa7f040d20_0 .var "reg_write_src", 1 0;
E_0xa7ec4d680 .event anyedge, v0xa7f040820_0, v0xa7f040960_0, v0xa7f040a00_0;
E_0xa7ec4d6c0 .event anyedge, v0xa7f040b40_0;
S_0x105788840 .scope module, "u_data_mem" "data_mem" 5 114, 8 1 0, S_0x105788ea0;
 .timescale 0 0;
    .port_info 0 /INPUT 1 "clk";
    .port_info 1 /INPUT 1 "mem_write";
    .port_info 2 /INPUT 32 "addr";
    .port_info 3 /INPUT 32 "write_data";
    .port_info 4 /OUTPUT 32 "read_data";
L_0xa7ec3a450 .functor BUFZ 32, L_0xa7f05d220, C4<00000000000000000000000000000000>, C4<00000000000000000000000000000000>, C4<00000000000000000000000000000000>;
v0xa7f040dc0_0 .net *"_ivl_0", 31 0, L_0xa7f05d220;  1 drivers
v0xa7f040e60_0 .net *"_ivl_3", 29 0, L_0xa7f05d2c0;  1 drivers
v0xa7f040f00_0 .net "addr", 31 0, v0xa7f0405a0_0;  alias, 1 drivers
v0xa7f040fa0_0 .net "clk", 0 0, v0xa7f0435c0_0;  alias, 1 drivers
v0xa7f041040_0 .net "mem_write", 0 0, v0xa7f040aa0_0;  alias, 1 drivers
v0xa7f0410e0 .array "ram_array", 63 0, 31 0;
v0xa7f041180_0 .net "read_data", 31 0, L_0xa7ec3a450;  alias, 1 drivers
v0xa7f041220_0 .net "write_data", 31 0, L_0xa7f05ce60;  alias, 1 drivers
E_0xa7ec4d700 .event posedge, v0xa7f040fa0_0;
L_0xa7f05d220 .array/port v0xa7f0410e0, L_0xa7f05d2c0;
L_0xa7f05d2c0 .part v0xa7f0405a0_0, 2, 30;
S_0x1057889c0 .scope module, "u_imm_gen" "imm_gen" 5 97, 9 1 0, S_0x105788ea0;
 .timescale 0 0;
    .port_info 0 /INPUT 32 "inst";
    .port_info 1 /OUTPUT 32 "imm_ext";
v0xa7f0412c0_0 .var "imm_ext", 31 0;
v0xa7f041360_0 .net "inst", 31 0, L_0xa7ec3a3e0;  alias, 1 drivers
E_0xa7ec4d740 .event anyedge, v0xa7f041360_0;
S_0x105787da0 .scope module, "u_instruction_mem" "instruction_mem" 5 60, 10 1 0, S_0x105788ea0;
 .timescale 0 0;
    .port_info 0 /INPUT 32 "pc_addr";
    .port_info 1 /OUTPUT 32 "instruction";
L_0xa7ec3a3e0 .functor BUFZ 32, L_0xa7f05c820, C4<00000000000000000000000000000000>, C4<00000000000000000000000000000000>, C4<00000000000000000000000000000000>;
v0xa7f041400_0 .net *"_ivl_0", 31 0, L_0xa7f05c820;  1 drivers
v0xa7f0414a0_0 .net *"_ivl_3", 29 0, L_0xa7f05c8c0;  1 drivers
v0xa7f041540_0 .net "instruction", 31 0, L_0xa7ec3a3e0;  alias, 1 drivers
v0xa7f0415e0 .array "mem_array", 63 0, 31 0;
v0xa7f041680_0 .net "pc_addr", 31 0, v0xa7f041860_0;  alias, 1 drivers
L_0xa7f05c820 .array/port v0xa7f0415e0, L_0xa7f05c8c0;
L_0xa7f05c8c0 .part v0xa7f041860_0, 2, 30;
S_0xa7ecac000 .scope module, "u_program_counter" "program_counter" 5 47, 3 1 0, S_0x105788ea0;
 .timescale 0 0;
    .port_info 0 /INPUT 1 "clk";
    .port_info 1 /INPUT 1 "rst_n";
    .port_info 2 /INPUT 32 "pc_next";
    .port_info 3 /OUTPUT 32 "pc_out";
v0xa7f041720_0 .net "clk", 0 0, v0xa7f0435c0_0;  alias, 1 drivers
v0xa7f0417c0_0 .net "pc_next", 31 0, v0xa7f042f80_0;  1 drivers
v0xa7f041860_0 .var "pc_out", 31 0;
v0xa7f041900_0 .net "rst_n", 0 0, v0xa7f043660_0;  alias, 1 drivers
E_0xa7ec4d780/0 .event negedge, v0xa7f041900_0;
E_0xa7ec4d780/1 .event posedge, v0xa7f040fa0_0;
E_0xa7ec4d780 .event/or E_0xa7ec4d780/0, E_0xa7ec4d780/1;
S_0xa7ecac180 .scope module, "u_register_file" "register_file" 5 83, 11 1 0, S_0x105788ea0;
 .timescale 0 0;
    .port_info 0 /INPUT 1 "clk";
    .port_info 1 /INPUT 1 "rst_n";
    .port_info 2 /INPUT 1 "reg_write";
    .port_info 3 /INPUT 5 "raddr1";
    .port_info 4 /INPUT 5 "raddr2";
    .port_info 5 /INPUT 5 "waddr";
    .port_info 6 /INPUT 32 "write_data";
    .port_info 7 /OUTPUT 32 "read_data1";
    .port_info 8 /OUTPUT 32 "read_data2";
L_0xa7e878058 .functor BUFT 1, C4<00000>, C4<0>, C4<0>, C4<0>;
v0xa7f041a40_0 .net/2u *"_ivl_0", 4 0, L_0xa7e878058;  1 drivers
L_0xa7e8780e8 .functor BUFT 1, C4<00>, C4<0>, C4<0>, C4<0>;
v0xa7f041ae0_0 .net *"_ivl_11", 1 0, L_0xa7e8780e8;  1 drivers
L_0xa7e878130 .functor BUFT 1, C4<00000>, C4<0>, C4<0>, C4<0>;
v0xa7f041b80_0 .net/2u *"_ivl_14", 4 0, L_0xa7e878130;  1 drivers
v0xa7f041c20_0 .net *"_ivl_16", 0 0, L_0xa7f05cd20;  1 drivers
L_0xa7e878178 .functor BUFT 1, C4<00000000000000000000000000000000>, C4<0>, C4<0>, C4<0>;
v0xa7f041cc0_0 .net/2u *"_ivl_18", 31 0, L_0xa7e878178;  1 drivers
v0xa7f041d60_0 .net *"_ivl_2", 0 0, L_0xa7f05cb40;  1 drivers
v0xa7f041e00_0 .net *"_ivl_20", 31 0, L_0xa7f05cdc0;  1 drivers
v0xa7f041ea0_0 .net *"_ivl_22", 6 0, L_0x105787fc0;  1 drivers
L_0xa7e8781c0 .functor BUFT 1, C4<00>, C4<0>, C4<0>, C4<0>;
v0xa7f041f40_0 .net *"_ivl_25", 1 0, L_0xa7e8781c0;  1 drivers
L_0xa7e8780a0 .functor BUFT 1, C4<00000000000000000000000000000000>, C4<0>, C4<0>, C4<0>;
v0xa7f041fe0_0 .net/2u *"_ivl_4", 31 0, L_0xa7e8780a0;  1 drivers
v0xa7f042080_0 .net *"_ivl_6", 31 0, L_0xa7f05cbe0;  1 drivers
v0xa7f042120_0 .net *"_ivl_8", 6 0, L_0x105787f20;  1 drivers
v0xa7f0421c0_0 .net "clk", 0 0, v0xa7f0435c0_0;  alias, 1 drivers
v0xa7f042260_0 .net "raddr1", 4 0, L_0xa7f05cf00;  1 drivers
v0xa7f042300_0 .net "raddr2", 4 0, L_0xa7f05cfa0;  1 drivers
v0xa7f0423a0_0 .net "read_data1", 31 0, L_0xa7f05cc80;  alias, 1 drivers
v0xa7f042440_0 .net "read_data2", 31 0, L_0xa7f05ce60;  alias, 1 drivers
v0xa7f0424e0_0 .net "reg_write", 0 0, v0xa7f040c80_0;  alias, 1 drivers
v0xa7f042580 .array "rf", 31 0, 31 0;
v0xa7f042620_0 .net "rst_n", 0 0, v0xa7f043660_0;  alias, 1 drivers
v0xa7f0426c0_0 .net "waddr", 4 0, L_0xa7f05d040;  1 drivers
v0xa7f042760_0 .net "write_data", 31 0, v0xa7f0433e0_0;  1 drivers
L_0xa7f05cb40 .cmp/eq 5, L_0xa7f05cf00, L_0xa7e878058;
L_0xa7f05cbe0 .array/port v0xa7f042580, L_0x105787f20;
L_0x105787f20 .concat [ 5 2 0 0], L_0xa7f05cf00, L_0xa7e8780e8;
L_0xa7f05cc80 .functor MUXZ 32, L_0xa7f05cbe0, L_0xa7e8780a0, L_0xa7f05cb40, C4<>;
L_0xa7f05cd20 .cmp/eq 5, L_0xa7f05cfa0, L_0xa7e878130;
L_0xa7f05cdc0 .array/port v0xa7f042580, L_0x105787fc0;
L_0x105787fc0 .concat [ 5 2 0 0], L_0xa7f05cfa0, L_0xa7e8781c0;
L_0xa7f05ce60 .functor MUXZ 32, L_0xa7f05cdc0, L_0xa7e878178, L_0xa7f05cd20, C4<>;
S_0xa7ecac300 .scope begin, "$ivl_for_loop0" "$ivl_for_loop0" 11 30, 11 30 0, S_0xa7ecac180;
 .timescale 0 0;
v0xa7f0419a0_0 .var/2s "i", 31 0;
    .scope S_0x105789930;
T_0 ;
Ewait_0 .event/or E_0xa7ec4d580, E_0x0;
    %wait Ewait_0;
    %load/vec4 v0xa7f0401e0_0;
    %addi 4, 0, 32;
    %store/vec4 v0xa7f040280_0, 0, 32;
    %jmp T_0;
    .thread T_0, $push;
    .scope S_0xa7ecac000;
T_1 ;
    %wait E_0xa7ec4d780;
    %load/vec4 v0xa7f041900_0;
    %nor/r;
    %flag_set/vec4 8;
    %jmp/0xz  T_1.0, 8;
    %pushi/vec4 0, 0, 32;
    %assign/vec4 v0xa7f041860_0, 0;
    %jmp T_1.1;
T_1.0 ;
    %load/vec4 v0xa7f0417c0_0;
    %assign/vec4 v0xa7f041860_0, 0;
T_1.1 ;
    %jmp T_1;
    .thread T_1;
    .scope S_0x105787da0;
T_2 ;
    %vpi_call/w 10 11 "$readmemh", "program.hex", v0xa7f0415e0 {0 0 0};
    %end;
    .thread T_2;
    .scope S_0x105788510;
T_3 ;
Ewait_1 .event/or E_0xa7ec4d6c0, E_0x0;
    %wait Ewait_1;
    %pushi/vec4 0, 0, 1;
    %store/vec4 v0xa7f040c80_0, 0, 1;
    %pushi/vec4 0, 0, 1;
    %store/vec4 v0xa7f0408c0_0, 0, 1;
    %pushi/vec4 0, 0, 1;
    %store/vec4 v0xa7f040aa0_0, 0, 1;
    %pushi/vec4 0, 0, 2;
    %store/vec4 v0xa7f040d20_0, 0, 2;
    %pushi/vec4 0, 0, 2;
    %store/vec4 v0xa7f040be0_0, 0, 2;
    %pushi/vec4 0, 0, 2;
    %store/vec4 v0xa7f040820_0, 0, 2;
    %load/vec4 v0xa7f040b40_0;
    %dup/vec4;
    %pushi/vec4 51, 0, 7;
    %cmp/u;
    %jmp/1 T_3.0, 6;
    %dup/vec4;
    %pushi/vec4 3, 0, 7;
    %cmp/u;
    %jmp/1 T_3.1, 6;
    %dup/vec4;
    %pushi/vec4 19, 0, 7;
    %cmp/u;
    %jmp/1 T_3.2, 6;
    %dup/vec4;
    %pushi/vec4 35, 0, 7;
    %cmp/u;
    %jmp/1 T_3.3, 6;
    %dup/vec4;
    %pushi/vec4 99, 0, 7;
    %cmp/u;
    %jmp/1 T_3.4, 6;
    %dup/vec4;
    %pushi/vec4 111, 0, 7;
    %cmp/u;
    %jmp/1 T_3.5, 6;
    %dup/vec4;
    %pushi/vec4 103, 0, 7;
    %cmp/u;
    %jmp/1 T_3.6, 6;
    %jmp T_3.8;
T_3.0 ;
    %pushi/vec4 1, 0, 1;
    %store/vec4 v0xa7f040c80_0, 0, 1;
    %pushi/vec4 0, 0, 1;
    %store/vec4 v0xa7f0408c0_0, 0, 1;
    %pushi/vec4 0, 0, 1;
    %store/vec4 v0xa7f040aa0_0, 0, 1;
    %pushi/vec4 0, 0, 2;
    %store/vec4 v0xa7f040d20_0, 0, 2;
    %pushi/vec4 0, 0, 2;
    %store/vec4 v0xa7f040be0_0, 0, 2;
    %pushi/vec4 2, 0, 2;
    %store/vec4 v0xa7f040820_0, 0, 2;
    %jmp T_3.8;
T_3.1 ;
    %pushi/vec4 1, 0, 1;
    %store/vec4 v0xa7f040c80_0, 0, 1;
    %pushi/vec4 1, 0, 1;
    %store/vec4 v0xa7f0408c0_0, 0, 1;
    %pushi/vec4 0, 0, 1;
    %store/vec4 v0xa7f040aa0_0, 0, 1;
    %pushi/vec4 1, 0, 2;
    %store/vec4 v0xa7f040d20_0, 0, 2;
    %pushi/vec4 0, 0, 2;
    %store/vec4 v0xa7f040be0_0, 0, 2;
    %pushi/vec4 0, 0, 2;
    %store/vec4 v0xa7f040820_0, 0, 2;
    %jmp T_3.8;
T_3.2 ;
    %pushi/vec4 1, 0, 1;
    %store/vec4 v0xa7f040c80_0, 0, 1;
    %pushi/vec4 1, 0, 1;
    %store/vec4 v0xa7f0408c0_0, 0, 1;
    %pushi/vec4 0, 0, 1;
    %store/vec4 v0xa7f040aa0_0, 0, 1;
    %pushi/vec4 0, 0, 2;
    %store/vec4 v0xa7f040d20_0, 0, 2;
    %pushi/vec4 0, 0, 2;
    %store/vec4 v0xa7f040be0_0, 0, 2;
    %pushi/vec4 0, 0, 2;
    %store/vec4 v0xa7f040820_0, 0, 2;
    %jmp T_3.8;
T_3.3 ;
    %pushi/vec4 0, 0, 1;
    %store/vec4 v0xa7f040c80_0, 0, 1;
    %pushi/vec4 1, 0, 1;
    %store/vec4 v0xa7f0408c0_0, 0, 1;
    %pushi/vec4 1, 0, 1;
    %store/vec4 v0xa7f040aa0_0, 0, 1;
    %pushi/vec4 1, 0, 2;
    %store/vec4 v0xa7f040d20_0, 0, 2;
    %pushi/vec4 0, 0, 2;
    %store/vec4 v0xa7f040be0_0, 0, 2;
    %pushi/vec4 0, 0, 2;
    %store/vec4 v0xa7f040820_0, 0, 2;
    %jmp T_3.8;
T_3.4 ;
    %pushi/vec4 0, 0, 1;
    %store/vec4 v0xa7f040c80_0, 0, 1;
    %pushi/vec4 0, 0, 1;
    %store/vec4 v0xa7f0408c0_0, 0, 1;
    %pushi/vec4 0, 0, 1;
    %store/vec4 v0xa7f040aa0_0, 0, 1;
    %pushi/vec4 0, 0, 2;
    %store/vec4 v0xa7f040d20_0, 0, 2;
    %pushi/vec4 1, 0, 2;
    %store/vec4 v0xa7f040be0_0, 0, 2;
    %pushi/vec4 1, 0, 2;
    %store/vec4 v0xa7f040820_0, 0, 2;
    %jmp T_3.8;
T_3.5 ;
    %pushi/vec4 1, 0, 1;
    %store/vec4 v0xa7f040c80_0, 0, 1;
    %pushi/vec4 0, 0, 1;
    %store/vec4 v0xa7f0408c0_0, 0, 1;
    %pushi/vec4 0, 0, 1;
    %store/vec4 v0xa7f040aa0_0, 0, 1;
    %pushi/vec4 2, 0, 2;
    %store/vec4 v0xa7f040d20_0, 0, 2;
    %pushi/vec4 2, 0, 2;
    %store/vec4 v0xa7f040be0_0, 0, 2;
    %pushi/vec4 0, 0, 2;
    %store/vec4 v0xa7f040820_0, 0, 2;
    %jmp T_3.8;
T_3.6 ;
    %pushi/vec4 1, 0, 1;
    %store/vec4 v0xa7f040c80_0, 0, 1;
    %pushi/vec4 1, 0, 1;
    %store/vec4 v0xa7f0408c0_0, 0, 1;
    %pushi/vec4 0, 0, 1;
    %store/vec4 v0xa7f040aa0_0, 0, 1;
    %pushi/vec4 2, 0, 2;
    %store/vec4 v0xa7f040d20_0, 0, 2;
    %pushi/vec4 3, 0, 2;
    %store/vec4 v0xa7f040be0_0, 0, 2;
    %pushi/vec4 0, 0, 2;
    %store/vec4 v0xa7f040820_0, 0, 2;
    %jmp T_3.8;
T_3.8 ;
    %pop/vec4 1;
    %jmp T_3;
    .thread T_3, $push;
    .scope S_0x105788510;
T_4 ;
Ewait_2 .event/or E_0xa7ec4d680, E_0x0;
    %wait Ewait_2;
    %pushi/vec4 2, 0, 4;
    %store/vec4 v0xa7f040780_0, 0, 4;
    %load/vec4 v0xa7f040820_0;
    %dup/vec4;
    %pushi/vec4 0, 0, 2;
    %cmp/u;
    %jmp/1 T_4.0, 6;
    %dup/vec4;
    %pushi/vec4 1, 0, 2;
    %cmp/u;
    %jmp/1 T_4.1, 6;
    %dup/vec4;
    %pushi/vec4 2, 0, 2;
    %cmp/u;
    %jmp/1 T_4.2, 6;
    %pushi/vec4 2, 0, 4;
    %store/vec4 v0xa7f040780_0, 0, 4;
    %jmp T_4.4;
T_4.0 ;
    %pushi/vec4 2, 0, 4;
    %store/vec4 v0xa7f040780_0, 0, 4;
    %jmp T_4.4;
T_4.1 ;
    %pushi/vec4 6, 0, 4;
    %store/vec4 v0xa7f040780_0, 0, 4;
    %jmp T_4.4;
T_4.2 ;
    %load/vec4 v0xa7f040960_0;
    %dup/vec4;
    %pushi/vec4 0, 0, 3;
    %cmp/u;
    %jmp/1 T_4.5, 6;
    %dup/vec4;
    %pushi/vec4 4, 0, 3;
    %cmp/u;
    %jmp/1 T_4.6, 6;
    %dup/vec4;
    %pushi/vec4 6, 0, 3;
    %cmp/u;
    %jmp/1 T_4.7, 6;
    %dup/vec4;
    %pushi/vec4 7, 0, 3;
    %cmp/u;
    %jmp/1 T_4.8, 6;
    %dup/vec4;
    %pushi/vec4 1, 0, 3;
    %cmp/u;
    %jmp/1 T_4.9, 6;
    %dup/vec4;
    %pushi/vec4 5, 0, 3;
    %cmp/u;
    %jmp/1 T_4.10, 6;
    %pushi/vec4 2, 0, 4;
    %store/vec4 v0xa7f040780_0, 0, 4;
    %jmp T_4.12;
T_4.5 ;
    %load/vec4 v0xa7f040a00_0;
    %flag_set/vec4 8;
    %jmp/0xz  T_4.13, 8;
    %pushi/vec4 6, 0, 4;
    %store/vec4 v0xa7f040780_0, 0, 4;
    %jmp T_4.14;
T_4.13 ;
    %pushi/vec4 2, 0, 4;
    %store/vec4 v0xa7f040780_0, 0, 4;
T_4.14 ;
    %jmp T_4.12;
T_4.6 ;
    %pushi/vec4 3, 0, 4;
    %store/vec4 v0xa7f040780_0, 0, 4;
    %jmp T_4.12;
T_4.7 ;
    %pushi/vec4 1, 0, 4;
    %store/vec4 v0xa7f040780_0, 0, 4;
    %jmp T_4.12;
T_4.8 ;
    %pushi/vec4 0, 0, 4;
    %store/vec4 v0xa7f040780_0, 0, 4;
    %jmp T_4.12;
T_4.9 ;
    %pushi/vec4 4, 0, 4;
    %store/vec4 v0xa7f040780_0, 0, 4;
    %jmp T_4.12;
T_4.10 ;
    %load/vec4 v0xa7f040a00_0;
    %flag_set/vec4 8;
    %jmp/0xz  T_4.15, 8;
    %pushi/vec4 13, 0, 4;
    %store/vec4 v0xa7f040780_0, 0, 4;
    %jmp T_4.16;
T_4.15 ;
    %pushi/vec4 5, 0, 4;
    %store/vec4 v0xa7f040780_0, 0, 4;
T_4.16 ;
    %jmp T_4.12;
T_4.12 ;
    %pop/vec4 1;
    %jmp T_4.4;
T_4.4 ;
    %pop/vec4 1;
    %jmp T_4;
    .thread T_4, $push;
    .scope S_0xa7ecac180;
T_5 ;
    %wait E_0xa7ec4d780;
    %load/vec4 v0xa7f042620_0;
    %nor/r;
    %flag_set/vec4 8;
    %jmp/0xz  T_5.0, 8;
    %fork t_1, S_0xa7ecac300;
    %jmp t_0;
    .scope S_0xa7ecac300;
t_1 ;
    %pushi/vec4 1, 0, 32;
    %store/vec4 v0xa7f0419a0_0, 0, 32;
T_5.2 ; Top of for-loop
    %load/vec4 v0xa7f0419a0_0;
    %cmpi/s 32, 0, 32;
	  %jmp/0xz T_5.3, 5;
    %pushi/vec4 0, 0, 32;
    %ix/getv/s 3, v0xa7f0419a0_0;
    %ix/load 4, 0, 0; Constant delay
    %assign/vec4/a/d v0xa7f042580, 0, 4;
T_5.4 ; for-loop step statement
    ; show_stmt_assign_vector: Get l-value for compressed += operand
    %load/vec4 v0xa7f0419a0_0;
    %pushi/vec4 1, 0, 32;
    %add;
    %cast2;
    %store/vec4 v0xa7f0419a0_0, 0, 32;
    %jmp T_5.2;
T_5.3 ; for-loop exit label
    %end;
    .scope S_0xa7ecac180;
t_0 %join;
    %jmp T_5.1;
T_5.0 ;
    %load/vec4 v0xa7f042760_0;
    %cmpi/ne 0, 0, 32;
    %flag_get/vec4 4;
    %jmp/0 T_5.7, 4;
    %load/vec4 v0xa7f0426c0_0;
    %pushi/vec4 0, 0, 5;
    %cmp/ne;
    %flag_get/vec4 4;
    %and;
T_5.7;
    %flag_set/vec4 8;
    %jmp/0xz  T_5.5, 8;
    %load/vec4 v0xa7f042760_0;
    %load/vec4 v0xa7f0426c0_0;
    %pad/u 7;
    %ix/vec4 3;
    %ix/load 4, 0, 0; Constant delay
    %assign/vec4/a/d v0xa7f042580, 0, 4;
T_5.5 ;
T_5.1 ;
    %jmp T_5;
    .thread T_5;
    .scope S_0x1057889c0;
T_6 ;
Ewait_3 .event/or E_0xa7ec4d740, E_0x0;
    %wait Ewait_3;
    %load/vec4 v0xa7f041360_0;
    %parti/s 7, 0, 2;
    %dup/vec4;
    %pushi/vec4 19, 0, 7;
    %cmp/u;
    %jmp/1 T_6.0, 6;
    %dup/vec4;
    %pushi/vec4 3, 0, 7;
    %cmp/u;
    %jmp/1 T_6.1, 6;
    %dup/vec4;
    %pushi/vec4 35, 0, 7;
    %cmp/u;
    %jmp/1 T_6.2, 6;
    %dup/vec4;
    %pushi/vec4 99, 0, 7;
    %cmp/u;
    %jmp/1 T_6.3, 6;
    %dup/vec4;
    %pushi/vec4 111, 0, 7;
    %cmp/u;
    %jmp/1 T_6.4, 6;
    %pushi/vec4 0, 0, 32;
    %store/vec4 v0xa7f0412c0_0, 0, 32;
    %jmp T_6.6;
T_6.0 ;
    %load/vec4 v0xa7f041360_0;
    %parti/s 1, 31, 6;
    %replicate 20;
    %load/vec4 v0xa7f041360_0;
    %parti/s 12, 20, 6;
    %concat/vec4; draw_concat_vec4
    %store/vec4 v0xa7f0412c0_0, 0, 32;
    %jmp T_6.6;
T_6.1 ;
    %load/vec4 v0xa7f041360_0;
    %parti/s 1, 31, 6;
    %replicate 20;
    %load/vec4 v0xa7f041360_0;
    %parti/s 12, 20, 6;
    %concat/vec4; draw_concat_vec4
    %store/vec4 v0xa7f0412c0_0, 0, 32;
    %jmp T_6.6;
T_6.2 ;
    %load/vec4 v0xa7f041360_0;
    %parti/s 1, 31, 6;
    %replicate 20;
    %load/vec4 v0xa7f041360_0;
    %parti/s 7, 25, 6;
    %concat/vec4; draw_concat_vec4
    %load/vec4 v0xa7f041360_0;
    %parti/s 5, 7, 4;
    %concat/vec4; draw_concat_vec4
    %store/vec4 v0xa7f0412c0_0, 0, 32;
    %jmp T_6.6;
T_6.3 ;
    %load/vec4 v0xa7f041360_0;
    %parti/s 1, 31, 6;
    %replicate 19;
    %load/vec4 v0xa7f041360_0;
    %parti/s 1, 31, 6;
    %concat/vec4; draw_concat_vec4
    %load/vec4 v0xa7f041360_0;
    %parti/s 1, 7, 4;
    %concat/vec4; draw_concat_vec4
    %load/vec4 v0xa7f041360_0;
    %parti/s 6, 25, 6;
    %concat/vec4; draw_concat_vec4
    %load/vec4 v0xa7f041360_0;
    %parti/s 4, 8, 5;
    %concat/vec4; draw_concat_vec4
    %concati/vec4 0, 0, 1;
    %store/vec4 v0xa7f0412c0_0, 0, 32;
    %jmp T_6.6;
T_6.4 ;
    %load/vec4 v0xa7f041360_0;
    %parti/s 1, 31, 6;
    %replicate 12;
    %load/vec4 v0xa7f041360_0;
    %parti/s 8, 12, 5;
    %concat/vec4; draw_concat_vec4
    %load/vec4 v0xa7f041360_0;
    %parti/s 1, 20, 6;
    %concat/vec4; draw_concat_vec4
    %load/vec4 v0xa7f041360_0;
    %parti/s 10, 21, 6;
    %concat/vec4; draw_concat_vec4
    %concati/vec4 0, 0, 1;
    %store/vec4 v0xa7f0412c0_0, 0, 32;
    %jmp T_6.6;
T_6.6 ;
    %pop/vec4 1;
    %jmp T_6;
    .thread T_6, $push;
    .scope S_0x105788390;
T_7 ;
Ewait_4 .event/or E_0xa7ec4d640, E_0x0;
    %wait Ewait_4;
    %load/vec4 v0xa7f040460_0;
    %dup/vec4;
    %pushi/vec4 2, 0, 4;
    %cmp/u;
    %jmp/1 T_7.0, 6;
    %dup/vec4;
    %pushi/vec4 6, 0, 4;
    %cmp/u;
    %jmp/1 T_7.1, 6;
    %dup/vec4;
    %pushi/vec4 0, 0, 4;
    %cmp/u;
    %jmp/1 T_7.2, 6;
    %dup/vec4;
    %pushi/vec4 1, 0, 4;
    %cmp/u;
    %jmp/1 T_7.3, 6;
    %dup/vec4;
    %pushi/vec4 3, 0, 4;
    %cmp/u;
    %jmp/1 T_7.4, 6;
    %dup/vec4;
    %pushi/vec4 4, 0, 4;
    %cmp/u;
    %jmp/1 T_7.5, 6;
    %dup/vec4;
    %pushi/vec4 5, 0, 4;
    %cmp/u;
    %jmp/1 T_7.6, 6;
    %dup/vec4;
    %pushi/vec4 13, 0, 4;
    %cmp/u;
    %jmp/1 T_7.7, 6;
    %pushi/vec4 0, 0, 32;
    %store/vec4 v0xa7f0405a0_0, 0, 32;
    %jmp T_7.9;
T_7.0 ;
    %load/vec4 v0xa7f0403c0_0;
    %load/vec4 v0xa7f040500_0;
    %add;
    %store/vec4 v0xa7f0405a0_0, 0, 32;
    %jmp T_7.9;
T_7.1 ;
    %load/vec4 v0xa7f0403c0_0;
    %load/vec4 v0xa7f040500_0;
    %sub;
    %store/vec4 v0xa7f0405a0_0, 0, 32;
    %jmp T_7.9;
T_7.2 ;
    %load/vec4 v0xa7f0403c0_0;
    %load/vec4 v0xa7f040500_0;
    %and;
    %store/vec4 v0xa7f0405a0_0, 0, 32;
    %jmp T_7.9;
T_7.3 ;
    %load/vec4 v0xa7f0403c0_0;
    %load/vec4 v0xa7f040500_0;
    %or;
    %store/vec4 v0xa7f0405a0_0, 0, 32;
    %jmp T_7.9;
T_7.4 ;
    %load/vec4 v0xa7f0403c0_0;
    %load/vec4 v0xa7f040500_0;
    %xor;
    %store/vec4 v0xa7f0405a0_0, 0, 32;
    %jmp T_7.9;
T_7.5 ;
    %load/vec4 v0xa7f0403c0_0;
    %ix/getv 4, v0xa7f040640_0;
    %shiftl 4;
    %store/vec4 v0xa7f0405a0_0, 0, 32;
    %jmp T_7.9;
T_7.6 ;
    %load/vec4 v0xa7f0403c0_0;
    %ix/getv 4, v0xa7f040640_0;
    %shiftr 4;
    %store/vec4 v0xa7f0405a0_0, 0, 32;
    %jmp T_7.9;
T_7.7 ;
    %load/vec4 v0xa7f0403c0_0;
    %ix/getv 4, v0xa7f040640_0;
    %shiftr/s 4;
    %store/vec4 v0xa7f0405a0_0, 0, 32;
    %jmp T_7.9;
T_7.9 ;
    %pop/vec4 1;
    %jmp T_7;
    .thread T_7, $push;
    .scope S_0x105788840;
T_8 ;
    %wait E_0xa7ec4d700;
    %load/vec4 v0xa7f041040_0;
    %flag_set/vec4 8;
    %jmp/0xz  T_8.0, 8;
    %load/vec4 v0xa7f041220_0;
    %load/vec4 v0xa7f040f00_0;
    %parti/s 30, 2, 3;
    %ix/vec4 3;
    %ix/load 4, 0, 0; Constant delay
    %assign/vec4/a/d v0xa7f0410e0, 0, 4;
T_8.0 ;
    %jmp T_8;
    .thread T_8;
    .scope S_0x105788ea0;
T_9 ;
Ewait_5 .event/or E_0xa7ec4d600, E_0x0;
    %wait Ewait_5;
    %load/vec4 v0xa7f0430c0_0;
    %dup/vec4;
    %pushi/vec4 0, 0, 2;
    %cmp/u;
    %jmp/1 T_9.0, 6;
    %dup/vec4;
    %pushi/vec4 1, 0, 2;
    %cmp/u;
    %jmp/1 T_9.1, 6;
    %dup/vec4;
    %pushi/vec4 2, 0, 2;
    %cmp/u;
    %jmp/1 T_9.2, 6;
    %dup/vec4;
    %pushi/vec4 3, 0, 2;
    %cmp/u;
    %jmp/1 T_9.3, 6;
    %load/vec4 v0xa7f043020_0;
    %store/vec4 v0xa7f042f80_0, 0, 32;
    %jmp T_9.5;
T_9.0 ;
    %load/vec4 v0xa7f043020_0;
    %store/vec4 v0xa7f042f80_0, 0, 32;
    %jmp T_9.5;
T_9.1 ;
    %load/vec4 v0xa7f042b20_0;
    %flag_set/vec4 8;
    %jmp/0xz  T_9.6, 8;
    %load/vec4 v0xa7f043160_0;
    %store/vec4 v0xa7f042f80_0, 0, 32;
    %jmp T_9.7;
T_9.6 ;
    %load/vec4 v0xa7f043020_0;
    %store/vec4 v0xa7f042f80_0, 0, 32;
T_9.7 ;
    %jmp T_9.5;
T_9.2 ;
    %load/vec4 v0xa7f043160_0;
    %store/vec4 v0xa7f042f80_0, 0, 32;
    %jmp T_9.5;
T_9.3 ;
    %load/vec4 v0xa7f0429e0_0;
    %pushi/vec4 4294967294, 0, 32;
    %and;
    %store/vec4 v0xa7f042f80_0, 0, 32;
    %jmp T_9.5;
T_9.5 ;
    %pop/vec4 1;
    %jmp T_9;
    .thread T_9, $push;
    .scope S_0x105788ea0;
T_10 ;
Ewait_6 .event/or E_0xa7ec4d5c0, E_0x0;
    %wait Ewait_6;
    %load/vec4 v0xa7f043480_0;
    %dup/vec4;
    %pushi/vec4 0, 0, 2;
    %cmp/u;
    %jmp/1 T_10.0, 6;
    %dup/vec4;
    %pushi/vec4 1, 0, 2;
    %cmp/u;
    %jmp/1 T_10.1, 6;
    %dup/vec4;
    %pushi/vec4 2, 0, 2;
    %cmp/u;
    %jmp/1 T_10.2, 6;
    %load/vec4 v0xa7f0429e0_0;
    %store/vec4 v0xa7f0433e0_0, 0, 32;
    %jmp T_10.4;
T_10.0 ;
    %load/vec4 v0xa7f0429e0_0;
    %store/vec4 v0xa7f0433e0_0, 0, 32;
    %jmp T_10.4;
T_10.1 ;
    %load/vec4 v0xa7f042da0_0;
    %store/vec4 v0xa7f0433e0_0, 0, 32;
    %jmp T_10.4;
T_10.2 ;
    %load/vec4 v0xa7f043020_0;
    %store/vec4 v0xa7f0433e0_0, 0, 32;
    %jmp T_10.4;
T_10.4 ;
    %pop/vec4 1;
    %jmp T_10;
    .thread T_10, $push;
    .scope S_0x105788d20;
T_11 ;
    %delay 10000, 0;
    %load/vec4 v0xa7f0435c0_0;
    %inv;
    %store/vec4 v0xa7f0435c0_0, 0, 1;
    %jmp T_11;
    .thread T_11;
    .scope S_0x105788d20;
T_12 ;
    %vpi_call/w 4 22 "$display", "==========================================================================" {0 0 0};
    %vpi_call/w 4 23 "$display", "             STARTING RISC-V CORE CLOSED-LOOP VERIFICATION                " {0 0 0};
    %vpi_call/w 4 24 "$display", "==========================================================================" {0 0 0};
    %pushi/vec4 0, 0, 1;
    %store/vec4 v0xa7f0435c0_0, 0, 1;
    %pushi/vec4 0, 0, 1;
    %store/vec4 v0xa7f043660_0, 0, 1;
    %delay 25000, 0;
    %pushi/vec4 1, 0, 1;
    %store/vec4 v0xa7f043660_0, 0, 1;
    %delay 120000, 0;
    %vpi_call/w 4 37 "$display", "==========================================================================" {0 0 0};
    %vpi_call/w 4 38 "$display", "                       SIMULATION COMPLETE                                " {0 0 0};
    %vpi_call/w 4 39 "$display", "==========================================================================" {0 0 0};
    %vpi_call/w 4 40 "$finish" {0 0 0};
    %end;
    .thread T_12;
    .scope S_0x105788d20;
T_13 ;
    %vpi_call/w 4 47 "$monitor", "Time=%-50t | PC=%h | Inst=%h | ALU_Res=%-3d | RegW=%b | mem_write_src = %-2d | mem_write = %d | x1=%-2d | x3=%-2d | x5=%-2d | RAM[4]=%-2d | RAM[2]=%d | arrindex=%d", $time, v0xa7f042ee0_0, v0xa7f042d00_0, v0xa7f0429e0_0, v0xa7f043340_0, v0xa7f043480_0, v0xa7f042e40_0, &A<v0xa7f042580, 1>, &A<v0xa7f042580, 3>, &A<v0xa7f042580, 5>, &A<v0xa7f0410e0, 4>, &A<v0xa7f0410e0, 2>, &PV<v0xa7f040f00_0, 2, 30> {0 0 0};
    %end;
    .thread T_13;
    .scope S_0x105788d20;
T_14 ;
    %vpi_call/w 4 66 "$dumpfile", "cpu_simulation.vcd" {0 0 0};
    %vpi_call/w 4 67 "$dumpvars", 32'sb00000000000000000000000000000000, S_0x105788d20 {0 0 0};
    %end;
    .thread T_14;
# The file index is used to find the file name in the following table.
:file_names 12;
    "N/A";
    "<interactive>";
    "-";
    "pc.sv";
    "tb_riscv_core.sv";
    "riscv_core.sv";
    "alu.sv";
    "control_unit.sv";
    "data_mem.sv";
    "imm_gen.sv";
    "instru_mem.sv";
    "register_file.sv";
